2025-09-09T12:37:41: SyntaxError: Non-UTF-8 code starting with '\x8e' in file /root/webpython+react/env/bin/python on line 2, but no encoding declared; see https://python.org/dev/peps/pep-0263/ for details
2025-09-09T12:37:41: SyntaxError: Non-UTF-8 code starting with '\x8e' in file /root/webpython+react/env/bin/python on line 2, but no encoding declared; see https://python.org/dev/peps/pep-0263/ for details
2025-09-09T12:37:41: SyntaxError: Non-UTF-8 code starting with '\x8e' in file /root/webpython+react/env/bin/python on line 2, but no encoding declared; see https://python.org/dev/peps/pep-0263/ for details
2025-09-09T12:37:41: SyntaxError: Non-UTF-8 code starting with '\x8e' in file /root/webpython+react/env/bin/python on line 2, but no encoding declared; see https://python.org/dev/peps/pep-0263/ for details
2025-09-09T12:37:41: SyntaxError: Non-UTF-8 code starting with '\x8e' in file /root/webpython+react/env/bin/python on line 2, but no encoding declared; see https://python.org/dev/peps/pep-0263/ for details
2025-09-09T12:37:41: SyntaxError
2025-09-09T12:37:41: : Non-UTF-8 code starting with '\x8e' in file /root/webpython+react/env/bin/python on line 2, but no encoding declared; see https://python.org/dev/peps/pep-0263/ for details
2025-09-09T12:37:41: SyntaxError: Non-UTF-8 code starting with '\x8e' in file /root/webpython+react/env/bin/python on line 2, but no encoding declared; see https://python.org/dev/peps/pep-0263/ for details
2025-09-09T12:37:41: SyntaxError: Non-UTF-8 code starting with '\x8e' in file /root/webpython+react/env/bin/python on line 2, but no encoding declared; see https://python.org/dev/peps/pep-0263/ for details
2025-09-09T12:37:41: SyntaxError: Non-UTF-8 code starting with '\x8e' in file /root/webpython+react/env/bin/python on line 2, but no encoding declared; see https://python.org/dev/peps/pep-0263/ for details
2025-09-09T12:37:41: SyntaxError: Non-UTF-8 code starting with '\x8e' in file /root/webpython+react/env/bin/python on line 2, but no encoding declared; see https://python.org/dev/peps/pep-0263/ for details
2025-09-09T12:37:41: SyntaxError: Non-UTF-8 code starting with '\x8e' in file /root/webpython+react/env/bin/python on line 2, but no encoding declared; see https://python.org/dev/peps/pep-0263/ for details
2025-09-09T12:37:41: SyntaxError: Non-UTF-8 code starting with '\x8e' in file /root/webpython+react/env/bin/python on line 2, but no encoding declared; see https://python.org/dev/peps/pep-0263/ for details
2025-09-09T12:37:41: SyntaxError: Non-UTF-8 code starting with '\x8e' in file /root/webpython+react/env/bin/python on line 2, but no encoding declared; see https://python.org/dev/peps/pep-0263/ for details
2025-09-09T12:37:41: SyntaxError
2025-09-09T12:37:41: : 
2025-09-09T12:37:41: Non-UTF-8 code starting with '\x8e' in file /root/webpython+react/env/bin/python on line 2, but no encoding declared; see https://python.org/dev/peps/pep-0263/ for details
2025-09-09T12:37:41: 
2025-09-09T12:37:41: SyntaxError
2025-09-09T12:37:41: : 
2025-09-09T12:37:41: Non-UTF-8 code starting with '\x8e' in file /root/webpython+react/env/bin/python on line 2, but no encoding declared; see https://python.org/dev/peps/pep-0263/ for details
2025-09-09T12:37:41: 
2025-09-09T12:37:41: SyntaxError
2025-09-09T12:37:41: : 
2025-09-09T12:37:41: Non-UTF-8 code starting with '\x8e' in file /root/webpython+react/env/bin/python on line 2, but no encoding declared; see https://python.org/dev/peps/pep-0263/ for details
2025-09-09T12:37:41: 
